Archive member included because of file (symbol)

c:/winavr-20100110/bin/../lib/gcc/avr/4.3.3/avr5\libgcc.a(_udivmodsi4.o)
                              ./uart.o (__udivmodsi4)
c:/winavr-20100110/bin/../lib/gcc/avr/4.3.3/avr5\libgcc.a(_exit.o)
                              c:/winavr-20100110/bin/../lib/gcc/avr/4.3.3/../../../../avr/lib/avr5/crtm32.o (exit)
c:/winavr-20100110/bin/../lib/gcc/avr/4.3.3/avr5\libgcc.a(_copy_data.o)
                              ./HMI_ECU.o (__do_copy_data)
c:/winavr-20100110/bin/../lib/gcc/avr/4.3.3/avr5\libgcc.a(_clear_bss.o)
                              ./HMI_ECU.o (__do_clear_bss)
c:/winavr-20100110/bin/../lib/gcc/avr/4.3.3/../../../../avr/lib/avr5\libc.a(itoa.o)
                              ./lcd.o (itoa)
c:/winavr-20100110/bin/../lib/gcc/avr/4.3.3/../../../../avr/lib/avr5\libc.a(strrev.o)
                              c:/winavr-20100110/bin/../lib/gcc/avr/4.3.3/../../../../avr/lib/avr5\libc.a(itoa.o) (strrev)
c:/winavr-20100110/bin/../lib/gcc/avr/4.3.3/avr5\libgcc.a(_udivmodhi4.o)
                              c:/winavr-20100110/bin/../lib/gcc/avr/4.3.3/../../../../avr/lib/avr5\libc.a(itoa.o) (__udivmodhi4)

Memory Configuration

Name             Origin             Length             Attributes
text             0x00000000         0x00020000         xr
data             0x00800060         0x0000ffa0         rw !x
eeprom           0x00810000         0x00010000         rw !x
fuse             0x00820000         0x00000400         rw !x
lock             0x00830000         0x00000400         rw !x
signature        0x00840000         0x00000400         rw !x
*default*        0x00000000         0xffffffff

Linker script and memory map

LOAD c:/winavr-20100110/bin/../lib/gcc/avr/4.3.3/../../../../avr/lib/avr5/crtm32.o
LOAD ./HMI_ECU.o
LOAD ./gpio.o
LOAD ./keypad.o
LOAD ./lcd.o
LOAD ./timer1.o
LOAD ./uart.o
LOAD c:/winavr-20100110/bin/../lib/gcc/avr/4.3.3/avr5\libgcc.a
LOAD c:/winavr-20100110/bin/../lib/gcc/avr/4.3.3/../../../../avr/lib/avr5\libc.a
LOAD c:/winavr-20100110/bin/../lib/gcc/avr/4.3.3/avr5\libgcc.a

.hash
 *(.hash)

.dynsym
 *(.dynsym)

.dynstr
 *(.dynstr)

.gnu.version
 *(.gnu.version)

.gnu.version_d
 *(.gnu.version_d)

.gnu.version_r
 *(.gnu.version_r)

.rel.init
 *(.rel.init)

.rela.init
 *(.rela.init)

.rel.text
 *(.rel.text)
 *(.rel.text.*)
 *(.rel.gnu.linkonce.t*)

.rela.text
 *(.rela.text)
 *(.rela.text.*)
 *(.rela.gnu.linkonce.t*)

.rel.fini
 *(.rel.fini)

.rela.fini
 *(.rela.fini)

.rel.rodata
 *(.rel.rodata)
 *(.rel.rodata.*)
 *(.rel.gnu.linkonce.r*)

.rela.rodata
 *(.rela.rodata)
 *(.rela.rodata.*)
 *(.rela.gnu.linkonce.r*)

.rel.data
 *(.rel.data)
 *(.rel.data.*)
 *(.rel.gnu.linkonce.d*)

.rela.data
 *(.rela.data)
 *(.rela.data.*)
 *(.rela.gnu.linkonce.d*)

.rel.ctors
 *(.rel.ctors)

.rela.ctors
 *(.rela.ctors)

.rel.dtors
 *(.rel.dtors)

.rela.dtors
 *(.rela.dtors)

.rel.got
 *(.rel.got)

.rela.got
 *(.rela.got)

.rel.bss
 *(.rel.bss)

.rela.bss
 *(.rela.bss)

.rel.plt
 *(.rel.plt)

.rela.plt
 *(.rela.plt)

.text           0x00000000      0xb52
 *(.vectors)
 .vectors       0x00000000       0x54 c:/winavr-20100110/bin/../lib/gcc/avr/4.3.3/../../../../avr/lib/avr5/crtm32.o
                0x00000000                __vectors
                0x00000000                __vector_default
 *(.vectors)
 *(.progmem.gcc*)
 *(.progmem*)
                0x00000054                . = ALIGN (0x2)
                0x00000054                __trampolines_start = .
 *(.trampolines)
 .trampolines   0x00000054        0x0 linker stubs
 *(.trampolines*)
                0x00000054                __trampolines_end = .
 *(.jumptables)
 *(.jumptables*)
 *(.lowtext)
 *(.lowtext*)
                0x00000054                __ctors_start = .
 *(.ctors)
                0x00000054                __ctors_end = .
                0x00000054                __dtors_start = .
 *(.dtors)
                0x00000054                __dtors_end = .
 SORT(*)(.ctors)
 SORT(*)(.dtors)
 *(.init0)
 .init0         0x00000054        0x0 c:/winavr-20100110/bin/../lib/gcc/avr/4.3.3/../../../../avr/lib/avr5/crtm32.o
                0x00000054                __init
 *(.init0)
 *(.init1)
 *(.init1)
 *(.init2)
 .init2         0x00000054        0xc c:/winavr-20100110/bin/../lib/gcc/avr/4.3.3/../../../../avr/lib/avr5/crtm32.o
 *(.init2)
 *(.init3)
 *(.init3)
 *(.init4)
 .init4         0x00000060       0x16 c:/winavr-20100110/bin/../lib/gcc/avr/4.3.3/avr5\libgcc.a(_copy_data.o)
                0x00000060                __do_copy_data
 .init4         0x00000076       0x10 c:/winavr-20100110/bin/../lib/gcc/avr/4.3.3/avr5\libgcc.a(_clear_bss.o)
                0x00000076                __do_clear_bss
 *(.init4)
 *(.init5)
 *(.init5)
 *(.init6)
 *(.init6)
 *(.init7)
 *(.init7)
 *(.init8)
 *(.init8)
 *(.init9)
 .init9         0x00000086        0x8 c:/winavr-20100110/bin/../lib/gcc/avr/4.3.3/../../../../avr/lib/avr5/crtm32.o
 *(.init9)
 *(.text)
 .text          0x0000008e        0x4 c:/winavr-20100110/bin/../lib/gcc/avr/4.3.3/../../../../avr/lib/avr5/crtm32.o
                0x0000008e                __vector_1
                0x0000008e                __vector_12
                0x0000008e                __bad_interrupt
                0x0000008e                __vector_6
                0x0000008e                __vector_3
                0x0000008e                __vector_11
                0x0000008e                __vector_13
                0x0000008e                __vector_17
                0x0000008e                __vector_19
                0x0000008e                __vector_5
                0x0000008e                __vector_4
                0x0000008e                __vector_2
                0x0000008e                __vector_15
                0x0000008e                __vector_8
                0x0000008e                __vector_14
                0x0000008e                __vector_10
                0x0000008e                __vector_16
                0x0000008e                __vector_18
                0x0000008e                __vector_20
 .text          0x00000092        0x0 ./HMI_ECU.o
 .text          0x00000092        0x0 ./gpio.o
 .text          0x00000092        0x0 ./keypad.o
 .text          0x00000092        0x0 ./lcd.o
 .text          0x00000092        0x0 ./timer1.o
 .text          0x00000092        0x0 ./uart.o
 .text          0x00000092        0x0 c:/winavr-20100110/bin/../lib/gcc/avr/4.3.3/avr5\libgcc.a(_udivmodsi4.o)
 .text          0x00000092        0x0 c:/winavr-20100110/bin/../lib/gcc/avr/4.3.3/avr5\libgcc.a(_exit.o)
 .text          0x00000092        0x0 c:/winavr-20100110/bin/../lib/gcc/avr/4.3.3/avr5\libgcc.a(_copy_data.o)
 .text          0x00000092        0x0 c:/winavr-20100110/bin/../lib/gcc/avr/4.3.3/avr5\libgcc.a(_clear_bss.o)
 .text          0x00000092        0x0 c:/winavr-20100110/bin/../lib/gcc/avr/4.3.3/../../../../avr/lib/avr5\libc.a(itoa.o)
 .text          0x00000092        0x0 c:/winavr-20100110/bin/../lib/gcc/avr/4.3.3/../../../../avr/lib/avr5\libc.a(strrev.o)
 .text          0x00000092        0x0 c:/winavr-20100110/bin/../lib/gcc/avr/4.3.3/avr5\libgcc.a(_udivmodhi4.o)
                0x00000092                . = ALIGN (0x2)
 *(.text.*)
 .text.HMI_Ticks
                0x00000092        0xc ./HMI_ECU.o
                0x00000092                HMI_Ticks
 .text.Buzzer_HMI
                0x0000009e       0x18 ./HMI_ECU.o
                0x0000009e                Buzzer_HMI
 .text.Password
                0x000000b6       0x74 ./HMI_ECU.o
                0x000000b6                Password
 .text.First_Pass
                0x0000012a       0xfa ./HMI_ECU.o
                0x0000012a                First_Pass
 .text.Change_Pass
                0x00000224       0x32 ./HMI_ECU.o
                0x00000224                Change_Pass
 .text.Door_Control
                0x00000256       0x5a ./HMI_ECU.o
                0x00000256                Door_Control
 .text.main     0x000002b0       0x92 ./HMI_ECU.o
                0x000002b0                main
 .text.GPIO_setupPinDirection
                0x00000342       0xe8 ./gpio.o
                0x00000342                GPIO_setupPinDirection
 .text.GPIO_writePin
                0x0000042a       0xe8 ./gpio.o
                0x0000042a                GPIO_writePin
 .text.GPIO_readPin
                0x00000512       0x3c ./gpio.o
                0x00000512                GPIO_readPin
 .text.GPIO_setupPortDirection
                0x0000054e       0x26 ./gpio.o
                0x0000054e                GPIO_setupPortDirection
 .text.GPIO_writePort
                0x00000574       0x26 ./gpio.o
                0x00000574                GPIO_writePort
 .text.GPIO_readPort
                0x0000059a       0x2a ./gpio.o
                0x0000059a                GPIO_readPort
 .text.KEYPAD_getPressedKey
                0x000005c4      0x14c ./keypad.o
                0x000005c4                KEYPAD_getPressedKey
 .text.LCD_displayCharacter
                0x00000710       0x52 ./lcd.o
                0x00000710                LCD_displayCharacter
 .text.LCD_displayString
                0x00000762       0x26 ./lcd.o
                0x00000762                LCD_displayString
 .text.LCD_intgerToString
                0x00000788       0x44 ./lcd.o
                0x00000788                LCD_intgerToString
 .text.LCD_sendCommand
                0x000007cc       0x52 ./lcd.o
                0x000007cc                LCD_sendCommand
 .text.LCD_clearScreen
                0x0000081e        0x8 ./lcd.o
                0x0000081e                LCD_clearScreen
 .text.LCD_moveCursor
                0x00000826       0x26 ./lcd.o
                0x00000826                LCD_moveCursor
 .text.LCD_displayStringRowColumn
                0x0000084c       0x16 ./lcd.o
                0x0000084c                LCD_displayStringRowColumn
 .text.LCD_init
                0x00000862       0x38 ./lcd.o
                0x00000862                LCD_init
 .text.__vector_9
                0x0000089a       0x52 ./timer1.o
                0x0000089a                __vector_9
 .text.__vector_7
                0x000008ec       0x52 ./timer1.o
                0x000008ec                __vector_7
 .text.Timer1_deInit
                0x0000093e       0x16 ./timer1.o
                0x0000093e                Timer1_deInit
 .text.Timer1_setCallBack
                0x00000954        0xa ./timer1.o
                0x00000954                Timer1_setCallBack
 .text.Timer1_init
                0x0000095e       0x66 ./timer1.o
                0x0000095e                Timer1_init
 .text.UART_init
                0x000009c4       0x64 ./uart.o
                0x000009c4                UART_init
 .text.UART_sendByte
                0x00000a28        0x8 ./uart.o
                0x00000a28                UART_sendByte
 .text.UART_recieveByte
                0x00000a30        0x8 ./uart.o
                0x00000a30                UART_recieveByte
 .text.UART_sendString
                0x00000a38       0x1a ./uart.o
                0x00000a38                UART_sendString
 .text.UART_receiveString
                0x00000a52       0x2e ./uart.o
                0x00000a52                UART_receiveString
 .text.libgcc   0x00000a80       0x44 c:/winavr-20100110/bin/../lib/gcc/avr/4.3.3/avr5\libgcc.a(_udivmodsi4.o)
                0x00000a80                __udivmodsi4
 .text.libgcc   0x00000ac4        0x0 c:/winavr-20100110/bin/../lib/gcc/avr/4.3.3/avr5\libgcc.a(_exit.o)
 .text.libgcc   0x00000ac4        0x0 c:/winavr-20100110/bin/../lib/gcc/avr/4.3.3/avr5\libgcc.a(_copy_data.o)
 .text.libgcc   0x00000ac4        0x0 c:/winavr-20100110/bin/../lib/gcc/avr/4.3.3/avr5\libgcc.a(_clear_bss.o)
 .text.avr-libc
                0x00000ac4       0x42 c:/winavr-20100110/bin/../lib/gcc/avr/4.3.3/../../../../avr/lib/avr5\libc.a(itoa.o)
                0x00000ac4                itoa
 .text.avr-libc
                0x00000b06       0x20 c:/winavr-20100110/bin/../lib/gcc/avr/4.3.3/../../../../avr/lib/avr5\libc.a(strrev.o)
                0x00000b06                strrev
 .text.libgcc   0x00000b26       0x28 c:/winavr-20100110/bin/../lib/gcc/avr/4.3.3/avr5\libgcc.a(_udivmodhi4.o)
                0x00000b26                __udivmodhi4
                0x00000b4e                . = ALIGN (0x2)
 *(.fini9)
 .fini9         0x00000b4e        0x0 c:/winavr-20100110/bin/../lib/gcc/avr/4.3.3/avr5\libgcc.a(_exit.o)
                0x00000b4e                exit
                0x00000b4e                _exit
 *(.fini9)
 *(.fini8)
 *(.fini8)
 *(.fini7)
 *(.fini7)
 *(.fini6)
 *(.fini6)
 *(.fini5)
 *(.fini5)
 *(.fini4)
 *(.fini4)
 *(.fini3)
 *(.fini3)
 *(.fini2)
 *(.fini2)
 *(.fini1)
 *(.fini1)
 *(.fini0)
 .fini0         0x00000b4e        0x4 c:/winavr-20100110/bin/../lib/gcc/avr/4.3.3/avr5\libgcc.a(_exit.o)
 *(.fini0)
                0x00000b52                _etext = .

.data           0x00800060       0x70 load address 0x00000b52
                0x00800060                PROVIDE (__data_start, .)
 *(.data)
 .data          0x00800060        0x0 c:/winavr-20100110/bin/../lib/gcc/avr/4.3.3/../../../../avr/lib/avr5/crtm32.o
 .data          0x00800060       0x62 ./HMI_ECU.o
 .data          0x008000c2        0x0 ./gpio.o
 .data          0x008000c2        0x0 ./keypad.o
 .data          0x008000c2        0x0 ./lcd.o
 .data          0x008000c2        0x0 ./timer1.o
 .data          0x008000c2        0x0 ./uart.o
 .data          0x008000c2        0x0 c:/winavr-20100110/bin/../lib/gcc/avr/4.3.3/avr5\libgcc.a(_udivmodsi4.o)
 .data          0x008000c2        0x0 c:/winavr-20100110/bin/../lib/gcc/avr/4.3.3/avr5\libgcc.a(_exit.o)
 .data          0x008000c2        0x0 c:/winavr-20100110/bin/../lib/gcc/avr/4.3.3/avr5\libgcc.a(_copy_data.o)
 .data          0x008000c2        0x0 c:/winavr-20100110/bin/../lib/gcc/avr/4.3.3/avr5\libgcc.a(_clear_bss.o)
 .data          0x008000c2        0x0 c:/winavr-20100110/bin/../lib/gcc/avr/4.3.3/../../../../avr/lib/avr5\libc.a(itoa.o)
 .data          0x008000c2        0x0 c:/winavr-20100110/bin/../lib/gcc/avr/4.3.3/../../../../avr/lib/avr5\libc.a(strrev.o)
 .data          0x008000c2        0x0 c:/winavr-20100110/bin/../lib/gcc/avr/4.3.3/avr5\libgcc.a(_udivmodhi4.o)
 *(.data*)
 *(.rodata)
 *(.rodata*)
 .rodata.C.20.1417
                0x008000c2        0x7 ./HMI_ECU.o
 .rodata.C.19.1416
                0x008000c9        0x6 ./HMI_ECU.o
 *(.gnu.linkonce.d*)
                0x008000d0                . = ALIGN (0x2)
 *fill*         0x008000cf        0x1 00
                0x008000d0                _edata = .
                0x008000d0                PROVIDE (__data_end, .)

.bss            0x008000d0        0x6
                0x008000d0                PROVIDE (__bss_start, .)
 *(.bss)
 .bss           0x008000d0        0x0 c:/winavr-20100110/bin/../lib/gcc/avr/4.3.3/../../../../avr/lib/avr5/crtm32.o
 .bss           0x008000d0        0x0 ./HMI_ECU.o
 .bss           0x008000d0        0x0 ./gpio.o
 .bss           0x008000d0        0x0 ./keypad.o
 .bss           0x008000d0        0x0 ./lcd.o
 .bss           0x008000d0        0x0 ./timer1.o
 .bss           0x008000d0        0x0 ./uart.o
 .bss           0x008000d0        0x0 c:/winavr-20100110/bin/../lib/gcc/avr/4.3.3/avr5\libgcc.a(_udivmodsi4.o)
 .bss           0x008000d0        0x0 c:/winavr-20100110/bin/../lib/gcc/avr/4.3.3/avr5\libgcc.a(_exit.o)
 .bss           0x008000d0        0x0 c:/winavr-20100110/bin/../lib/gcc/avr/4.3.3/avr5\libgcc.a(_copy_data.o)
 .bss           0x008000d0        0x0 c:/winavr-20100110/bin/../lib/gcc/avr/4.3.3/avr5\libgcc.a(_clear_bss.o)
 .bss           0x008000d0        0x0 c:/winavr-20100110/bin/../lib/gcc/avr/4.3.3/../../../../avr/lib/avr5\libc.a(itoa.o)
 .bss           0x008000d0        0x0 c:/winavr-20100110/bin/../lib/gcc/avr/4.3.3/../../../../avr/lib/avr5\libc.a(strrev.o)
 .bss           0x008000d0        0x0 c:/winavr-20100110/bin/../lib/gcc/avr/4.3.3/avr5\libgcc.a(_udivmodhi4.o)
 *(.bss*)
 .bss.g_HMI_ticks
                0x008000d0        0x1 ./HMI_ECU.o
                0x008000d0                g_HMI_ticks
 .bss.g_check   0x008000d1        0x1 ./HMI_ECU.o
                0x008000d1                g_check
 .bss.g_counter
                0x008000d2        0x1 ./HMI_ECU.o
                0x008000d2                g_counter
 .bss.g_Pass_Check
                0x008000d3        0x1 ./HMI_ECU.o
                0x008000d3                g_Pass_Check
 .bss.g_callBackPtr
                0x008000d4        0x2 ./timer1.o
 *(COMMON)
                0x008000d6                PROVIDE (__bss_end, .)
                0x00000b52                __data_load_start = LOADADDR (.data)
                0x00000bc2                __data_load_end = (__data_load_start + SIZEOF (.data))

.noinit         0x008000d6        0x0
                0x008000d6                PROVIDE (__noinit_start, .)
 *(.noinit*)
                0x008000d6                PROVIDE (__noinit_end, .)
                0x008000d6                _end = .
                0x008000d6                PROVIDE (__heap_start, .)

.eeprom         0x00810000        0x0
 *(.eeprom*)
                0x00810000                __eeprom_end = .

.fuse
 *(.fuse)
 *(.lfuse)
 *(.hfuse)
 *(.efuse)

.lock
 *(.lock*)

.signature
 *(.signature*)

.stab
 *(.stab)

.stabstr
 *(.stabstr)

.stab.excl
 *(.stab.excl)

.stab.exclstr
 *(.stab.exclstr)

.stab.index
 *(.stab.index)

.stab.indexstr
 *(.stab.indexstr)

.comment
 *(.comment)

.debug
 *(.debug)

.line
 *(.line)

.debug_srcinfo
 *(.debug_srcinfo)

.debug_sfnames
 *(.debug_sfnames)

.debug_aranges
 *(.debug_aranges)

.debug_pubnames
 *(.debug_pubnames)

.debug_info
 *(.debug_info)
 *(.gnu.linkonce.wi.*)

.debug_abbrev
 *(.debug_abbrev)

.debug_line
 *(.debug_line)

.debug_frame
 *(.debug_frame)

.debug_str
 *(.debug_str)

.debug_loc
 *(.debug_loc)

.debug_macinfo
 *(.debug_macinfo)
OUTPUT(HMI_ECU_2.elf elf32-avr)
LOAD linker stubs
